Java HotSpot(TM) Client VM (25.144-b01) for windows-x86 JRE (1.8.0_144-b01), built on Jul 21 2017 21:58:05 by "java_re" with MS VC++ 10.0 (VS2010)
Memory: 4k page, physical 2056828k(605816k free), swap 4113656k(1308684k free)
CommandLine flags: -XX:+HeapDumpOnOutOfMemoryError -XX:HeapDumpPath=./hw05_GC/logs/dump -XX:InitialHeapSize=268435456 -XX:MaxHeapSize=268435456 -XX:+PrintGC -XX:+PrintGCTimeStamps -XX:-UseLargePagesIndividualAllocation -XX:+UseParallelGC 
8.288: [GC (Allocation Failure)  65792K->18198K(251392K), 0.0544436 secs]
16.710: [GC (Allocation Failure)  83990K->41891K(251392K), 0.0495041 secs]
25.173: [GC (Allocation Failure)  107683K->76129K(251392K), 0.0712326 secs]
33.724: [GC (Allocation Failure)  141921K->110333K(251392K), 0.0843736 secs]
43.558: [GC (Allocation Failure)  176125K->144544K(249856K), 0.1524188 secs]
43.711: [Full GC (Ergonomics)  144544K->82082K(249856K), 0.2938575 secs]
53.239: [GC (Allocation Failure)  146338K->116038K(215040K), 0.0345345 secs]
57.585: [GC (Allocation Failure)  145478K->132038K(233216K), 0.0239192 secs]
60.843: [GC (Allocation Failure)  161478K->147564K(233216K), 0.0379990 secs]
65.174: [GC (Allocation Failure)  177004K->162644K(233216K), 0.0407758 secs]
69.611: [GC (Allocation Failure)  192084K->178130K(233216K), 0.1663545 secs]
69.778: [Full GC (Ergonomics)  178130K->126820K(233216K), 0.3916129 secs]
73.723: [GC (Allocation Failure)  156260K->142468K(233216K), 0.0152123 secs]
78.471: [GC (Allocation Failure)  171908K->158111K(233216K), 0.0284257 secs]
78.500: [Full GC (Ergonomics)  158111K->142346K(233216K), 0.2107344 secs]
83.087: [GC (Allocation Failure)  171786K->158346K(233216K), 0.0155175 secs]
83.103: [Full GC (Ergonomics)  158346K->149140K(233216K), 0.2361402 secs]
86.636: [Full GC (Ergonomics)  178580K->157468K(233216K), 0.2529884 secs]
91.604: [Full GC (Ergonomics)  186908K->164220K(233216K), 0.3290331 secs]
96.767: [Full GC (Ergonomics)  193660K->171024K(233216K), 0.3442860 secs]
100.823: [Full GC (Ergonomics)  200464K->180137K(233216K), 0.3418139 secs]
104.654: [Full GC (Ergonomics)  204195K->185897K(233216K), 0.3562274 secs]
108.528: [Full GC (Ergonomics)  204190K->189436K(233216K), 0.3031178 secs]
111.203: [Full GC (Ergonomics)  204204K->192847K(233216K), 0.3069943 secs]
112.657: [Full GC (Ergonomics)  204073K->196146K(233216K), 0.2980448 secs]
114.093: [Full GC (Ergonomics)  204067K->198445K(233216K), 0.3502725 secs]
115.802: [Full GC (Ergonomics)  204205K->199006K(233216K), 0.4567479 secs]
116.264: [Full GC (Ergonomics)  204199K->201585K(233216K), 0.1476749 secs]
117.686: [Full GC (Ergonomics)  204199K->201168K(233216K), 0.4745942 secs]
118.165: [Full GC (Ergonomics)  204082K->202610K(233216K), 0.1790649 secs]
118.347: [Full GC (Ergonomics)  204082K->203331K(233216K), 0.1619656 secs]
118.511: [Full GC (Ergonomics)  204082K->203695K(233216K), 0.1309060 secs]
118.644: [Full GC (Ergonomics)  204082K->203877K(233216K), 0.1327141 secs]
118.778: [Full GC (Ergonomics)  204082K->203972K(233216K), 0.1326063 secs]
118.913: [Full GC (Ergonomics)  204079K->204014K(233216K), 0.1461994 secs]
119.061: [Full GC (Ergonomics)  204082K->204018K(233216K), 0.1497527 secs]
119.213: [Full GC (Ergonomics)  204078K->204037K(233216K), 0.1068809 secs]
119.321: [Full GC (Ergonomics)  204078K->204049K(233216K), 0.1388075 secs]
119.461: [Full GC (Ergonomics)  204079K->204057K(233216K), 0.1372238 secs]
119.599: [Full GC (Ergonomics)  204081K->204061K(233216K), 0.1628298 secs]
119.763: [Full GC (Ergonomics)  204082K->204061K(233216K), 0.1337065 secs]
119.898: [Full GC (Ergonomics)  204081K->204065K(233216K), 0.0898647 secs]
119.989: [Full GC (Ergonomics)  204082K->204072K(233216K), 0.1581212 secs]
120.148: [Full GC (Ergonomics)  204081K->204076K(233216K), 0.1131553 secs]
120.264: [Full GC (Ergonomics)  204081K->204079K(233216K), 0.1488460 secs]
120.414: [Full GC (Ergonomics)  204287K->204181K(233216K), 0.1649748 secs]
120.579: [Full GC (Ergonomics)  204184K->204184K(233216K), 0.1467678 secs]
120.784: [Full GC (Ergonomics)  204277K->203591K(233216K), 0.4193756 secs]
122.304: [Full GC (Ergonomics)  204110K->201976K(233216K), 0.3931849 secs]
122.699: [Full GC (Ergonomics)  204224K->202820K(233216K), 0.1262852 secs]
122.827: [Full GC (Ergonomics)  204226K->203472K(233216K), 0.1356364 secs]
122.987: [Full GC (Ergonomics)  204226K->203823K(233216K), 0.1063919 secs]
123.095: [Full GC (Ergonomics)  204223K->204014K(233216K), 0.1674305 secs]
123.264: [Full GC (Ergonomics)  204225K->204112K(233216K), 0.1378169 secs]
123.403: [Full GC (Ergonomics)  204224K->204159K(233216K), 0.1423387 secs]
123.546: [Full GC (Ergonomics)  204224K->204183K(233216K), 0.1613977 secs]
123.709: [Full GC (Ergonomics)  204225K->204195K(233216K), 0.1274316 secs]
123.838: [Full GC (Ergonomics)  204224K->204201K(233216K), 0.1332889 secs]
123.973: [Full GC (Ergonomics)  204226K->204204K(233216K), 0.0995481 secs]
124.074: [Full GC (Ergonomics)  204226K->204204K(233216K), 0.1071417 secs]
124.182: [Full GC (Ergonomics)  204226K->204208K(233216K), 0.1434787 secs]
124.326: [Full GC (Ergonomics)  204226K->204216K(233216K), 0.1006531 secs]
124.427: [Full GC (Ergonomics)  204224K->204219K(233216K), 0.1164734 secs]
124.544: [Full GC (Ergonomics)  204224K->204222K(233216K), 0.1314398 secs]
124.676: [Full GC (Ergonomics)  204226K->204222K(233216K), 0.1035698 secs]
124.783: [Full GC (Ergonomics)  204225K->204225K(233216K), 0.1324332 secs]
124.915: [Full GC (Ergonomics)  204286K->204255K(233216K), 0.1393959 secs]
125.055: [Full GC (Ergonomics)  204259K->204244K(233216K), 0.3182368 secs]
128.484: [Full GC (Ergonomics)  204252K->204244K(233216K), 0.0685403 secs]
128.725: [Full GC (Ergonomics)  204252K->946K(233216K), 0.0157760 secs]
